// Jest Snapshot v1, https://goo.gl/fbAQLP

exports[`<Main /> should render the heading 1`] = `
<main
  class="bg-zinc-900 p-2 rounded-2xl flex flex-col gap-1 items-center justify-center w-80 h-80 m-auto"
>
  <h1
    class="text-slate-200 text-4xl"
  >
    React Avan√ßado
  </h1>
  <p
    class="text-slate-500"
  >
    TypeScript, ReactJs, NextJs
  </p>
</main>
`;
